// Jest Snapshot v1, https://goo.gl/fbAQLP

exports[`MovieTile Tests: 2. Snapshot renders correctly 1`] = `
<div
  className="sc-beqWaB hhCavs"
  onMouseEnter={[Function]}
  onMouseLeave={[Function]}
>
  <img
    alt="Avengers: Inifinity War"
    className="sc-gueYoa cHaJKO"
    onClick={[Function]}
    src="https://m.media-amazon.com/images/I/71eHZFw+GlL._AC_SY879_.jpg"
  />
  <span
    className="sc-iAEyYk BzQWh"
    onMouseEnter={[Function]}
    onMouseLeave={[Function]}
  >
    <svg
      aria-hidden="true"
      className="svg-inline--fa fa-ellipsis-vertical "
      data-icon="ellipsis-vertical"
      data-prefix="fas"
      focusable="false"
      role="img"
      style={Object {}}
      viewBox="0 0 128 512"
      xmlns="http://www.w3.org/2000/svg"
    >
      <path
        d="M64 360a56 56 0 1 0 0 112 56 56 0 1 0 0-112zm0-160a56 56 0 1 0 0 112 56 56 0 1 0 0-112zM120 96A56 56 0 1 0 8 96a56 56 0 1 0 112 0z"
        fill="currentColor"
        style={Object {}}
      />
    </svg>
  </span>
  <div
    className="sc-dmqHEX fmrsAo"
  >
    <div
      className="sc-hLseeU eAOVef"
    >
      <div
        className="sc-eDDNvR glmNaj"
      >
        Avengers: Inifinity War
      </div>
      <div
        className="sc-gLDzan fViOVN"
      >
        2018
      </div>
    </div>
    <div
      className="sc-jTrPJq GfHNu"
    >
      Action & Adventure
    </div>
  </div>
</div>
`;
